
[1/3] Scraping Jiji.ng -> https://jiji.ng/abuja/video-games-consoles?query=ps5
node.exe : [Error] Scrape 
failed: 
browserType.launch: 
Executable doesn't exist 
at C:\Users\bgadz\AppData\L
ocal\ms-playwright\chromium
_headless_shell-1217\chrome
-headless-shell-win64\chrom
e-headless-shell.exe
At line:1 char:1
+ & "C:\Program 
Files\nodejs/node.exe" 
"C:\Program 
Files\nodejs/node_mo ...
+ ~~~~~~~~~~~~~~~~~~~~~~~~~
~~~~~~~~~~~~~~~~~~~~~~~~~~~
~~~~~~~~~~~~~~~~~
    + CategoryInfo         
     : NotSpecified: ([Er  
  ror] Scrape ...dless-s   
 hell.exe:String) [], R    
emoteException
    + FullyQualifiedErrorI 
   d : NativeCommandError
 
ΓòöΓòÉΓòÉΓòÉΓòÉΓòÉΓòÉΓòÉΓòÉ
ΓòÉΓòÉΓòÉΓòÉΓòÉΓòÉΓòÉΓòÉΓòÉ
ΓòÉΓòÉΓòÉΓòÉΓòÉΓòÉΓòÉΓòÉΓòÉ
ΓòÉΓòÉΓòÉΓòÉΓòÉΓòÉΓòÉΓòÉΓòÉ
ΓòÉΓòÉΓòÉΓòÉΓòÉΓòÉΓòÉΓòÉΓòÉ
ΓòÉΓòÉΓòÉΓòÉΓòÉΓòÉΓòÉΓòÉΓòÉ
ΓòÉΓòÉΓòÉΓòÉΓòÉΓòÉΓòÉΓòù
Γòæ Looks like Playwright 
was just installed or 
updated.       Γòæ
Γòæ Please run the 
following command to 
download new browsers: Γòæ
Γòæ                        
                           
         Γòæ
Γòæ     npx playwright 
install                    
             Γòæ
Γòæ                        
                           
         Γòæ
Γòæ <3 Playwright Team     
                           
         Γòæ
ΓòÜΓòÉΓòÉΓòÉΓòÉΓòÉΓòÉΓòÉΓòÉ
ΓòÉΓòÉΓòÉΓòÉΓòÉΓòÉΓòÉΓòÉΓòÉ
ΓòÉΓòÉΓòÉΓòÉΓòÉΓòÉΓòÉΓòÉΓòÉ
ΓòÉΓòÉΓòÉΓòÉΓòÉΓòÉΓòÉΓòÉΓòÉ
ΓòÉΓòÉΓòÉΓòÉΓòÉΓòÉΓòÉΓòÉΓòÉ
ΓòÉΓòÉΓòÉΓòÉΓòÉΓòÉΓòÉΓòÉΓòÉ
ΓòÉΓòÉΓòÉΓòÉΓòÉΓòÉΓòÉΓò¥
